// Jest Snapshot v1, https://goo.gl/fbAQLP

exports[`Goverment Education API can handle error 1`] = `[Error: Network Error]`;
