// Jest Snapshot v1, https://goo.gl/fbAQLP

exports[`Google Places API can handle error 1`] = `[Error: Network Error]`;
