// Jest Snapshot v1, https://goo.gl/fbAQLP

exports[`Header should match snapshot 1`] = `
ShallowWrapper {
  "length": 1,
  Symbol(enzyme.__root__): [Circular],
  Symbol(enzyme.__unrendered__): <Header />,
  Symbol(enzyme.__renderer__): Object {
    "batchedUpdates": [Function],
    "getNode": [Function],
    "render": [Function],
    "simulateEvent": [Function],
    "unmount": [Function],
  },
  Symbol(enzyme.__node__): Object {
    "instance": null,
    "key": undefined,
    "nodeType": "class",
    "props": Object {
      "children": Array [
        <span
          className="logo"
/>,
        <Menu
          className=""
          defaultSelectedKeys={
                    Array [
                              "1",
                            ]
          }
          mode="horizontal"
          prefixCls="ant-menu"
          style={
                    Object {
                              "lineHeight": "64px",
                            }
          }
          theme="dark"
>
          <MenuItem>
                    <Link
                              replace={false}
                              to="/"
                    >
                              Home
                    </Link>
          </MenuItem>
          <MenuItem>
                    <Link
                              replace={false}
                              to="/education"
                    >
                              Education
                    </Link>
          </MenuItem>
</Menu>,
      ],
      "style": Object {
        "position": "fixed",
        "width": "100%",
        "zIndex": 100,
      },
    },
    "ref": null,
    "rendered": Array [
      Object {
        "instance": null,
        "key": undefined,
        "nodeType": "host",
        "props": Object {
          "className": "logo",
        },
        "ref": null,
        "rendered": null,
        "type": "span",
      },
      Object {
        "instance": null,
        "key": undefined,
        "nodeType": "class",
        "props": Object {
          "children": Array [
            <MenuItem>
              <Link
                            replace={false}
                            to="/"
              >
                            Home
              </Link>
</MenuItem>,
            <MenuItem>
              <Link
                            replace={false}
                            to="/education"
              >
                            Education
              </Link>
</MenuItem>,
          ],
          "className": "",
          "defaultSelectedKeys": Array [
            "1",
          ],
          "mode": "horizontal",
          "prefixCls": "ant-menu",
          "style": Object {
            "lineHeight": "64px",
          },
          "theme": "dark",
        },
        "ref": null,
        "rendered": Array [
          Object {
            "instance": null,
            "key": "1",
            "nodeType": "class",
            "props": Object {
              "children": <Link
                replace={false}
                to="/"
>
                Home
</Link>,
            },
            "ref": null,
            "rendered": Object {
              "instance": null,
              "key": undefined,
              "nodeType": "class",
              "props": Object {
                "children": "Home",
                "replace": false,
                "to": "/",
              },
              "ref": null,
              "rendered": "Home",
              "type": [Function],
            },
            "type": [Function],
          },
          Object {
            "instance": null,
            "key": "2",
            "nodeType": "class",
            "props": Object {
              "children": <Link
                replace={false}
                to="/education"
>
                Education
</Link>,
            },
            "ref": null,
            "rendered": Object {
              "instance": null,
              "key": undefined,
              "nodeType": "class",
              "props": Object {
                "children": "Education",
                "replace": false,
                "to": "/education",
              },
              "ref": null,
              "rendered": "Education",
              "type": [Function],
            },
            "type": [Function],
          },
        ],
        "type": [Function],
      },
    ],
    "type": [Function],
  },
  Symbol(enzyme.__nodes__): Array [
    Object {
      "instance": null,
      "key": undefined,
      "nodeType": "class",
      "props": Object {
        "children": Array [
          <span
            className="logo"
/>,
          <Menu
            className=""
            defaultSelectedKeys={
                        Array [
                                    "1",
                                  ]
            }
            mode="horizontal"
            prefixCls="ant-menu"
            style={
                        Object {
                                    "lineHeight": "64px",
                                  }
            }
            theme="dark"
>
            <MenuItem>
                        <Link
                                    replace={false}
                                    to="/"
                        >
                                    Home
                        </Link>
            </MenuItem>
            <MenuItem>
                        <Link
                                    replace={false}
                                    to="/education"
                        >
                                    Education
                        </Link>
            </MenuItem>
</Menu>,
        ],
        "style": Object {
          "position": "fixed",
          "width": "100%",
          "zIndex": 100,
        },
      },
      "ref": null,
      "rendered": Array [
        Object {
          "instance": null,
          "key": undefined,
          "nodeType": "host",
          "props": Object {
            "className": "logo",
          },
          "ref": null,
          "rendered": null,
          "type": "span",
        },
        Object {
          "instance": null,
          "key": undefined,
          "nodeType": "class",
          "props": Object {
            "children": Array [
              <MenuItem>
                <Link
                                replace={false}
                                to="/"
                >
                                Home
                </Link>
</MenuItem>,
              <MenuItem>
                <Link
                                replace={false}
                                to="/education"
                >
                                Education
                </Link>
</MenuItem>,
            ],
            "className": "",
            "defaultSelectedKeys": Array [
              "1",
            ],
            "mode": "horizontal",
            "prefixCls": "ant-menu",
            "style": Object {
              "lineHeight": "64px",
            },
            "theme": "dark",
          },
          "ref": null,
          "rendered": Array [
            Object {
              "instance": null,
              "key": "1",
              "nodeType": "class",
              "props": Object {
                "children": <Link
                  replace={false}
                  to="/"
>
                  Home
</Link>,
              },
              "ref": null,
              "rendered": Object {
                "instance": null,
                "key": undefined,
                "nodeType": "class",
                "props": Object {
                  "children": "Home",
                  "replace": false,
                  "to": "/",
                },
                "ref": null,
                "rendered": "Home",
                "type": [Function],
              },
              "type": [Function],
            },
            Object {
              "instance": null,
              "key": "2",
              "nodeType": "class",
              "props": Object {
                "children": <Link
                  replace={false}
                  to="/education"
>
                  Education
</Link>,
              },
              "ref": null,
              "rendered": Object {
                "instance": null,
                "key": undefined,
                "nodeType": "class",
                "props": Object {
                  "children": "Education",
                  "replace": false,
                  "to": "/education",
                },
                "ref": null,
                "rendered": "Education",
                "type": [Function],
              },
              "type": [Function],
            },
          ],
          "type": [Function],
        },
      ],
      "type": [Function],
    },
  ],
  Symbol(enzyme.__options__): Object {
    "adapter": ReactSixteenAdapter {
      "options": Object {
        "enableComponentDidUpdateOnSetState": true,
      },
    },
  },
}
`;
