// Jest Snapshot v1, https://goo.gl/fbAQLP

exports[`App Matches snapshot 1`] = `
<Adapter>
  <Adapter
    style={
      Object {
        "position": "fixed",
        "width": "100%",
      }
    }
  >
    <span
      className="logo"
    />
    <Menu
      className=""
      defaultSelectedKeys={
        Array [
          "1",
        ]
      }
      mode="horizontal"
      prefixCls="ant-menu"
      style={
        Object {
          "lineHeight": "64px",
        }
      }
      theme="dark"
    >
      <MenuItem>
        <Link
          replace={false}
          to="/"
        >
          Home
        </Link>
      </MenuItem>
      <MenuItem>
        <Link
          replace={false}
          to="/education"
        >
          Education
        </Link>
      </MenuItem>
    </Menu>
  </Adapter>
  <Route
    component={[Function]}
    exact={true}
    path="/"
  />
  <Route
    component={[Function]}
    path="/education"
  />
  <Adapter
    style={
      Object {
        "textAlign": "center",
      }
    }
  >
    VisualUSA Â©2017 Created by Joey Liu
  </Adapter>
</Adapter>
`;
