// Jest Snapshot v1, https://goo.gl/fbAQLP

exports[`Education wrapper Should match shallow snapshot 1`] = `
<Adapter
  style={
    Object {
      "padding": "8px",
    }
  }
>
  <div
    className="education"
  >
    <University />
  </div>
</Adapter>
`;
